============================= test session starts =============================
platform win32 -- Python 3.12.0, pytest-8.0.2, pluggy-1.4.0
rootdir: C:\Users\Alex\Documents\GitHub\Eliza-Bot
plugins: anyio-4.3.0
collected 0 items

============================ no tests ran in 0.01s ============================
